docker : time="2026-02-13T08:52:01-06:00" level=warning msg="C:\\Users\\bill\\VIBE\\docker-compose.yml: the attribute 
`version` is obsolete, it will be ignored, please remove it to avoid potential confusion"
At line:1 char:1
+ docker compose build executor 2>&1 | Tee-Object "build-errors.txt"
+ ~~~~~~~~~~~~~~~~~~~~~~~~~~~~~~~~~~
    + CategoryInfo          : NotSpecified: (time="2026-02-1...tial confusion":String) [], RemoteException
    + FullyQualifiedErrorId : NativeCommandError
 
 Image vibe-api Building 
 Image vibe-executor Building 
#1 [internal] load local bake definitions
#1 reading from stdin 899B done
#1 DONE 0.0s

#2 [internal] load build definition from Dockerfile
#2 transferring dockerfile: 485B done
#2 DONE 0.0s

#3 [internal] load metadata for docker.io/library/node:20-alpine
#3 DONE 0.1s

#4 [internal] load .dockerignore
#4 transferring context: 2B done
#4 DONE 0.0s

#5 [internal] load build context
#5 DONE 0.0s

#6 [1/9] FROM docker.io/library/node:20-alpine@sha256:09e2b3d9726018aecf269bd35325f46bf75046a643a66d28360ec71132750ec8
#6 resolve docker.io/library/node:20-alpine@sha256:09e2b3d9726018aecf269bd35325f46bf75046a643a66d28360ec71132750ec8 0.0s done
#6 DONE 0.0s

#5 [internal] load build context
#5 transferring context: 1.85kB done
#5 DONE 0.0s

#7 [4/9] COPY package.json ./
#7 CACHED

#8 [6/9] RUN npm install
#8 CACHED

#9 [5/9] COPY apps/executor/package.json ./apps/executor/
#9 CACHED

#10 [7/9] RUN npm install --workspace=apps/executor
#10 CACHED

#11 [2/9] RUN apk add --no-cache git ripgrep
#11 CACHED

#12 [3/9] WORKDIR /app
#12 CACHED

#13 [8/9] COPY apps/executor ./apps/executor
#13 CACHED

#14 [9/9] RUN npm run build --workspace=apps/executor
#14 0.425 
#14 0.425 > @vibe/executor@1.0.0 build
#14 0.425 > tsc
#14 0.425 
#14 2.582 src/storage.ts(151,10): error TS2339: Property 'taskInsert' does not exist on type 'ExecutorStorage'.
#14 2.604 npm error Lifecycle script `build` failed with error:
#14 2.604 npm error code 2
#14 2.604 npm error path /app/apps/executor
#14 2.604 npm error workspace @vibe/executor@1.0.0
#14 2.604 npm error location /app/apps/executor
#14 2.604 npm error command failed
#14 2.604 npm error command sh -c tsc
#14 ERROR: process "/bin/sh -c npm run build --workspace=apps/executor" did not complete successfully: exit code: 2
------
 > [9/9] RUN npm run build --workspace=apps/executor:
0.425 > tsc
0.425 
2.582 src/storage.ts(151,10): error TS2339: Property 'taskInsert' does not exist on type 'ExecutorStorage'.
2.604 npm error Lifecycle script `build` failed with error:
2.604 npm error code 2
2.604 npm error path /app/apps/executor
2.604 npm error workspace @vibe/executor@1.0.0
2.604 npm error location /app/apps/executor
2.604 npm error command failed
2.604 npm error command sh -c tsc
------
Dockerfile:20

--------------------

  18 |     

  19 |     # Build

  20 | >>> RUN npm run build --workspace=apps/executor

  21 |     

  22 |     CMD ["npm", "start", "--workspace=apps/executor"]

--------------------

failed to solve: process "/bin/sh -c npm run build --workspace=apps/executor" did not complete successfully: exit 
code: 2

